====================================================================================================
|                              Starting Pipeline at 2015-08-08 17:28                               |
====================================================================================================

=========================================== Stage hello ============================================
ERROR: stage hello failed: An output containing or ending with '.foo' was referenced.

However such an output was not in the outputs specified by an enclosing transform / filter / produce statement.

Valid outputs according to the enclosing block are: test.median.txt 


========================================= Pipeline Failed ==========================================

An output containing or ending with '.foo' was referenced.

However such an output was not in the outputs specified by an enclosing transform / filter / produce statement.

Valid outputs according to the enclosing block are: test.median.txt

